// Jest Snapshot v1, https://goo.gl/fbAQLP

exports[`ShowMovieResults snapshot 1`] = `
<div
  className="tmbd-movie-list"
/>
`;
